Archive member included to satisfy reference by file (symbol)

c:/program files (x86)/atmel/studio/7.0/toolchain/avr8/avr8-gnu-toolchain/bin/../lib/gcc/avr/5.4.0/avr5\libgcc.a(_udivmodhi4.o)
                              APP/Calculator.o (__udivmodhi4)
c:/program files (x86)/atmel/studio/7.0/toolchain/avr8/avr8-gnu-toolchain/bin/../lib/gcc/avr/5.4.0/avr5\libgcc.a(_udivmodsi4.o)
                              APP/Converter.o (__udivmodsi4)
c:/program files (x86)/atmel/studio/7.0/toolchain/avr8/avr8-gnu-toolchain/bin/../lib/gcc/avr/5.4.0/avr5\libgcc.a(_divmodsi4.o)
                              HAL/LCD.o (__divmodsi4)
c:/program files (x86)/atmel/studio/7.0/toolchain/avr8/avr8-gnu-toolchain/bin/../lib/gcc/avr/5.4.0/avr5\libgcc.a(_negsi2.o)
                              c:/program files (x86)/atmel/studio/7.0/toolchain/avr8/avr8-gnu-toolchain/bin/../lib/gcc/avr/5.4.0/avr5\libgcc.a(_divmodsi4.o) (__negsi2)
c:/program files (x86)/atmel/studio/7.0/toolchain/avr8/avr8-gnu-toolchain/bin/../lib/gcc/avr/5.4.0/avr5\libgcc.a(_exit.o)
                              C:/Program Files (x86)/Atmel/Studio/7.0/Packs/atmel/ATmega_DFP/1.7.374/gcc/dev/atmega32/avr5/crtatmega32.o (exit)
c:/program files (x86)/atmel/studio/7.0/toolchain/avr8/avr8-gnu-toolchain/bin/../lib/gcc/avr/5.4.0/avr5\libgcc.a(_copy_data.o)
                              APP/Converter.o (__do_copy_data)
c:/program files (x86)/atmel/studio/7.0/toolchain/avr8/avr8-gnu-toolchain/bin/../lib/gcc/avr/5.4.0/avr5\libgcc.a(_clear_bss.o)
                              APP/Calculator.o (__do_clear_bss)
c:/program files (x86)/atmel/studio/7.0/toolchain/avr8/avr8-gnu-toolchain/bin/../lib/gcc/avr/5.4.0/avr5\libgcc.a(_umulhisi3.o)
                              HAL/Sensors.o (__umulhisi3)
c:/program files (x86)/atmel/studio/7.0/toolchain/avr8/avr8-gnu-toolchain/bin/../lib/gcc/avr/5.4.0/avr5\libgcc.a(_muluhisi3.o)
                              APP/Converter.o (__muluhisi3)

Allocating common symbols
Common symbol       size              file

flagg               0x4               APP/Converter.o
key_2               0x4               APP/Converter.o
PreviousState       0x1               APP/CAR_Lights.o
currentState        0x1               APP/CAR_Lights.o
FILTER_UnFilteredTemp
                    0x2               APP/TEMP_Filter.o
T                   0x1               APP/CAR_Lights.o
number              0x4               APP/Converter.o
FILTER_FilteredTemp
                    0x2               APP/TEMP_Filter.o
scanPass            0xa               APP/FIRE_System.o
index               0x4               APP/Converter.o
FILTER_TempArr      0x14              APP/TEMP_Filter.o
key                 0x2               APP/Calculator.o
key_3               0x4               APP/Converter.o

Discarded input sections

 .data          0x00000000        0x0 C:/Program Files (x86)/Atmel/Studio/7.0/Packs/atmel/ATmega_DFP/1.7.374/gcc/dev/atmega32/avr5/crtatmega32.o
 .bss           0x00000000        0x0 C:/Program Files (x86)/Atmel/Studio/7.0/Packs/atmel/ATmega_DFP/1.7.374/gcc/dev/atmega32/avr5/crtatmega32.o
 .text          0x00000000        0x0 APP/Calculator.o
 .data          0x00000000        0x0 APP/Calculator.o
 .bss           0x00000000        0x0 APP/Calculator.o
 .text.Calculator
                0x00000000      0x20a APP/Calculator.o
 .bss.counter   0x00000000        0x2 APP/Calculator.o
 .bss.flag_t    0x00000000        0x2 APP/Calculator.o
 .bss.result    0x00000000        0x2 APP/Calculator.o
 .bss.operation
                0x00000000        0x2 APP/Calculator.o
 .bss.key2      0x00000000        0x2 APP/Calculator.o
 .bss.key1      0x00000000        0x2 APP/Calculator.o
 .comment       0x00000000       0x31 APP/Calculator.o
 COMMON         0x00000000        0x2 APP/Calculator.o
 .text          0x00000000        0x0 APP/CAR_Lights.o
 .data          0x00000000        0x0 APP/CAR_Lights.o
 .bss           0x00000000        0x0 APP/CAR_Lights.o
 .text          0x00000000        0x0 APP/Converter.o
 .data          0x00000000        0x0 APP/Converter.o
 .bss           0x00000000        0x0 APP/Converter.o
 .rodata.str1.1
                0x00000000       0x82 APP/Converter.o
 .text.CONVERTER_Init
                0x00000000       0xa6 APP/Converter.o
 .text.SCAN_Numbers
                0x00000000      0x130 APP/Converter.o
 .text.SCAN_Binary
                0x00000000      0x130 APP/Converter.o
 .text.DecToBin
                0x00000000        0x4 APP/Converter.o
 .text.DecToHex
                0x00000000        0x4 APP/Converter.o
 .text.BinToDec
                0x00000000       0x52 APP/Converter.o
 .text.BinToHex
                0x00000000       0x4c APP/Converter.o
 .text.repeat_operation
                0x00000000       0x9e APP/Converter.o
 .text.repeat_Operation_Binary
                0x00000000       0x9e APP/Converter.o
 .text.CONVERTER_Input
                0x00000000      0x242 APP/Converter.o
 .comment       0x00000000       0x31 APP/Converter.o
 COMMON         0x00000000       0x14 APP/Converter.o
 .text          0x00000000        0x0 APP/FIRE_System.o
 .data          0x00000000        0x0 APP/FIRE_System.o
 .bss           0x00000000        0x0 APP/FIRE_System.o
 .rodata.str1.1
                0x00000000       0x32 APP/FIRE_System.o
 .text.FINE_State
                0x00000000       0x4c APP/FIRE_System.o
 .text.HEAT_State
                0x00000000       0x66 APP/FIRE_System.o
 .text.string_compare
                0x00000000       0x16 APP/FIRE_System.o
 .text.PASSWORD_Scan
                0x00000000      0x126 APP/FIRE_System.o
 .text.FIRE_State
                0x00000000       0x6c APP/FIRE_System.o
 .bss.variables_flag
                0x00000000        0x2 APP/FIRE_System.o
 .bss.clear_flag
                0x00000000        0x2 APP/FIRE_System.o
 .bss.flag      0x00000000        0x2 APP/FIRE_System.o
 .bss.k         0x00000000        0x2 APP/FIRE_System.o
 .data.j        0x00000000        0x2 APP/FIRE_System.o
 .bss.i         0x00000000        0x2 APP/FIRE_System.o
 .data.pass     0x00000000        0xa APP/FIRE_System.o
 .comment       0x00000000       0x31 APP/FIRE_System.o
 COMMON         0x00000000        0xa APP/FIRE_System.o
 .text          0x00000000        0x0 APP/TEMP_Filter.o
 .data          0x00000000        0x0 APP/TEMP_Filter.o
 .bss           0x00000000        0x0 APP/TEMP_Filter.o
 .text.FILTER_Init
                0x00000000       0x1e APP/TEMP_Filter.o
 .text.FILTER_Runnable
                0x00000000       0x74 APP/TEMP_Filter.o
 .text.FILTER_GetFilteredTemp
                0x00000000        0xa APP/TEMP_Filter.o
 .text.FILTER_GetUnFilteredTemp
                0x00000000        0xa APP/TEMP_Filter.o
 .bss.i.1600    0x00000000        0x1 APP/TEMP_Filter.o
 .comment       0x00000000       0x31 APP/TEMP_Filter.o
 COMMON         0x00000000       0x18 APP/TEMP_Filter.o
 .text          0x00000000        0x0 CFG/DIO_Cfg.o
 .data          0x00000000        0x0 CFG/DIO_Cfg.o
 .bss           0x00000000        0x0 CFG/DIO_Cfg.o
 .text          0x00000000        0x0 CFG/EX_Interrupt_Cfg.o
 .data          0x00000000        0x0 CFG/EX_Interrupt_Cfg.o
 .bss           0x00000000        0x0 CFG/EX_Interrupt_Cfg.o
 .text.EX_func1
                0x00000000        0x6 CFG/EX_Interrupt_Cfg.o
 .comment       0x00000000       0x31 CFG/EX_Interrupt_Cfg.o
 .text          0x00000000        0x0 HAL/KeyPad.o
 .data          0x00000000        0x0 HAL/KeyPad.o
 .bss           0x00000000        0x0 HAL/KeyPad.o
 .text.KEYPAD_Init
                0x00000000       0x16 HAL/KeyPad.o
 .text.KEYPAD_GetKey
                0x00000000       0x84 HAL/KeyPad.o
 .rodata.KeysArr
                0x00000000       0x10 HAL/KeyPad.o
 .comment       0x00000000       0x31 HAL/KeyPad.o
 .text          0x00000000        0x0 HAL/LCD.o
 .data          0x00000000        0x0 HAL/LCD.o
 .bss           0x00000000        0x0 HAL/LCD.o
 .text.WriteInst
                0x00000000       0xc0 HAL/LCD.o
 .text.WriteData
                0x00000000       0xc0 HAL/LCD.o
 .text.LCD_Init
                0x00000000       0x3c HAL/LCD.o
 .text.LCD_GoTo
                0x00000000       0x16 HAL/LCD.o
 .text.LCD_WriteChar
                0x00000000        0x4 HAL/LCD.o
 .text.LCD_WriteString
                0x00000000       0x26 HAL/LCD.o
 .text.LCD_WriteString_GoTo
                0x00000000       0x14 HAL/LCD.o
 .text.swap     0x00000000       0x12 HAL/LCD.o
 .text.reverse  0x00000000       0x24 HAL/LCD.o
 .text.itoa     0x00000000      0x116 HAL/LCD.o
 .text.LCD_WriteNumber
                0x00000000       0x3a HAL/LCD.o
 .text.LCD_WriteNumber_2
                0x00000000      0x108 HAL/LCD.o
 .text.LCD_Write_4Digit
                0x00000000       0x6e HAL/LCD.o
 .text.LCD_WriteBinary
                0x00000000       0x3a HAL/LCD.o
 .text.LCD_WriteHex
                0x00000000       0x2a HAL/LCD.o
 .text.LCD_Clear
                0x00000000       0x14 HAL/LCD.o
 .text.LCD_Clear_Position
                0x00000000       0x20 HAL/LCD.o
 .text.LCD_CustomChar
                0x00000000       0x36 HAL/LCD.o
 .comment       0x00000000       0x31 HAL/LCD.o
 .text          0x00000000        0x0 HAL/MOTOR.o
 .data          0x00000000        0x0 HAL/MOTOR.o
 .bss           0x00000000        0x0 HAL/MOTOR.o
 .text.MOTOR_Stop.part.0
                0x00000000       0x10 HAL/MOTOR.o
 .text.MOTOR_Stop
                0x00000000       0x40 HAL/MOTOR.o
 .text.MOTOR_Init
                0x00000000       0x16 HAL/MOTOR.o
 .text.MOTOR_CCW
                0x00000000       0x4a HAL/MOTOR.o
 .text.MOTOR_CW
                0x00000000       0x4a HAL/MOTOR.o
 .comment       0x00000000       0x31 HAL/MOTOR.o
 .text          0x00000000        0x0 HAL/RGB.o
 .data          0x00000000        0x0 HAL/RGB.o
 .bss           0x00000000        0x0 HAL/RGB.o
 .comment       0x00000000       0x31 HAL/RGB.o
 .text          0x00000000        0x0 HAL/Sensors.o
 .data          0x00000000        0x0 HAL/Sensors.o
 .bss           0x00000000        0x0 HAL/Sensors.o
 .text.TEMP_Read
                0x00000000       0x12 HAL/Sensors.o
 .text.PRESS_Read
                0x00000000       0x28 HAL/Sensors.o
 .comment       0x00000000       0x31 HAL/Sensors.o
 .text          0x00000000        0x0 KERNEL/Kernel_Program.o
 .data          0x00000000        0x0 KERNEL/Kernel_Program.o
 .bss           0x00000000        0x0 KERNEL/Kernel_Program.o
 .text.Scheduler
                0x00000000       0x3a KERNEL/Kernel_Program.o
 .text.RTOS_voidStart
                0x00000000       0x10 KERNEL/Kernel_Program.o
 .text.RTOS_u8CreateTask
                0x00000000       0x32 KERNEL/Kernel_Program.o
 .text.RTOS_voidSuspendTask
                0x00000000       0x14 KERNEL/Kernel_Program.o
 .text.RTOS_voidResumeTask
                0x00000000       0x12 KERNEL/Kernel_Program.o
 .text.RTOS_voidDeleteTask
                0x00000000       0x14 KERNEL/Kernel_Program.o
 .bss.SystemTasks
                0x00000000       0x15 KERNEL/Kernel_Program.o
 .comment       0x00000000       0x31 KERNEL/Kernel_Program.o
 .text          0x00000000        0x0 main.o
 .data          0x00000000        0x0 main.o
 .bss           0x00000000        0x0 main.o
 .text          0x00000000        0x0 MCAL/ADC.o
 .data          0x00000000        0x0 MCAL/ADC.o
 .bss           0x00000000        0x0 MCAL/ADC.o
 .text.ADC_Init
                0x00000000       0x2a MCAL/ADC.o
 .text.ADC_Read
                0x00000000       0x18 MCAL/ADC.o
 .text.ADC_VoltRead
                0x00000000       0x22 MCAL/ADC.o
 .comment       0x00000000       0x31 MCAL/ADC.o
 .text          0x00000000        0x0 MCAL/DIO.o
 .data          0x00000000        0x0 MCAL/DIO.o
 .bss           0x00000000        0x0 MCAL/DIO.o
 .text.DIO_ReadPin
                0x00000000       0x3a MCAL/DIO.o
 .text.DIO_WritePort
                0x00000000       0x20 MCAL/DIO.o
 .text.DIO_ReadPort
                0x00000000        0x4 MCAL/DIO.o
 .text          0x00000000        0x0 MCAL/EX_Interrupt.o
 .data          0x00000000        0x0 MCAL/EX_Interrupt.o
 .bss           0x00000000        0x0 MCAL/EX_Interrupt.o
 .text.EXI_Disable
                0x00000000       0x20 MCAL/EX_Interrupt.o
 .text          0x00000000        0x0 MCAL/SPI.o
 .data          0x00000000        0x0 MCAL/SPI.o
 .bss           0x00000000        0x0 MCAL/SPI.o
 .text.SPI_Init
                0x00000000        0xe MCAL/SPI.o
 .text.SPI_SendReceive
                0x00000000        0xa MCAL/SPI.o
 .text.SPI_ReceivePerodic
                0x00000000       0x16 MCAL/SPI.o
 .text.SPI_SendNoBlock
                0x00000000        0x4 MCAL/SPI.o
 .comment       0x00000000       0x31 MCAL/SPI.o
 .text          0x00000000        0x0 MCAL/TIMERS.o
 .data          0x00000000        0x0 MCAL/TIMERS.o
 .bss           0x00000000        0x0 MCAL/TIMERS.o
 .text.TIMER0_Init
                0x00000000       0x40 MCAL/TIMERS.o
 .text.TIMER0_OC0Mode
                0x00000000       0x36 MCAL/TIMERS.o
 .text.TIMER0_OV_InterruptEnable
                0x00000000        0x8 MCAL/TIMERS.o
 .text.TIMER0_OV_InterruptDisable
                0x00000000        0x8 MCAL/TIMERS.o
 .text.TIMER0_OC_InterruptEnable
                0x00000000        0x8 MCAL/TIMERS.o
 .text.TIMER0_OC_InterruptDisable
                0x00000000        0x8 MCAL/TIMERS.o
 .text.Timer1_Init
                0x00000000       0x78 MCAL/TIMERS.o
 .text.Timer1_OCRA1Mode
                0x00000000       0x36 MCAL/TIMERS.o
 .text.Timer1_OCRB1Mode
                0x00000000       0x36 MCAL/TIMERS.o
 .text.Timer1_InputCaptureEdge
                0x00000000       0x16 MCAL/TIMERS.o
 .text.Timer1_ICU_InterruptEnable
                0x00000000        0x8 MCAL/TIMERS.o
 .text.Timer1_ICU_InterruptDisable
                0x00000000        0x8 MCAL/TIMERS.o
 .text.Timer1_OVF_InterruptEnable
                0x00000000        0x8 MCAL/TIMERS.o
 .text.Timer1_OVF_InterruptDisable
                0x00000000        0x8 MCAL/TIMERS.o
 .text.Timer1_OCA_InterruptEnable
                0x00000000        0x8 MCAL/TIMERS.o
 .text.Timer1_OCA_InterruptDisable
                0x00000000        0x8 MCAL/TIMERS.o
 .text.Timer1_OCB_InterruptEnable
                0x00000000        0x8 MCAL/TIMERS.o
 .text.Timer1_OCB_InterruptDisable
                0x00000000        0x8 MCAL/TIMERS.o
 .text.Timer1_OVF_SetCallBack
                0x00000000        0xa MCAL/TIMERS.o
 .text.Timer1_OCA_SetCallBack
                0x00000000        0xa MCAL/TIMERS.o
 .text.Timer1_OCB_SetCallBack
                0x00000000        0xa MCAL/TIMERS.o
 .text.Timer1_ICU_SetCallBack
                0x00000000        0xa MCAL/TIMERS.o
 .text.TIMER1_OCA_vect
                0x00000000       0x54 MCAL/TIMERS.o
 .text.TIMER1_OCB_vect
                0x00000000       0x54 MCAL/TIMERS.o
 .text.TIMER1_ICU_vect
                0x00000000       0x54 MCAL/TIMERS.o
 .data.Timer1_ICU_Fptr
                0x00000000        0x2 MCAL/TIMERS.o
 .data.Timer1_OCB_Fptr
                0x00000000        0x2 MCAL/TIMERS.o
 .data.Timer1_OCA_Fptr
                0x00000000        0x2 MCAL/TIMERS.o
 .text          0x00000000        0x0 MCAL/UART.o
 .data          0x00000000        0x0 MCAL/UART.o
 .bss           0x00000000        0x0 MCAL/UART.o
 .text.UART_Init
                0x00000000        0xc MCAL/UART.o
 .text.UART_Send
                0x00000000        0x8 MCAL/UART.o
 .text.UART_Receive
                0x00000000        0x8 MCAL/UART.o
 .text.UART_ReceivePeriodic
                0x00000000       0x16 MCAL/UART.o
 .comment       0x00000000       0x31 MCAL/UART.o
 .text          0x00000000        0x0 SERVICES/Timers_Services.o
 .data          0x00000000        0x0 SERVICES/Timers_Services.o
 .bss           0x00000000        0x0 SERVICES/Timers_Services.o
 .text.Timer_func
                0x00000000       0x5c SERVICES/Timers_Services.o
 .text.Func_ICU
                0x00000000       0x72 SERVICES/Timers_Services.o
 .text.PWM_Freq_KHZ
                0x00000000       0x24 SERVICES/Timers_Services.o
 .text.PWM_Freq_HZ
                0x00000000       0x2c SERVICES/Timers_Services.o
 .text.PWM_Duty
                0x00000000       0x34 SERVICES/Timers_Services.o
 .text.Timer1_SetInterruptTime_ms
                0x00000000       0x3e SERVICES/Timers_Services.o
 .text.Timer1_SetInterruptTime_us
                0x00000000       0x10 SERVICES/Timers_Services.o
 .text.PWM_Measure2
                0x00000000       0xaa SERVICES/Timers_Services.o
 .text.PWM_Measure
                0x00000000      0x110 SERVICES/Timers_Services.o
 .text.Timer1_SetInterruptTime_s
                0x00000000       0x5e SERVICES/Timers_Services.o
 .bss.c.1865    0x00000000        0x4 SERVICES/Timers_Services.o
 .bss.fptr_timer
                0x00000000        0x2 SERVICES/Timers_Services.o
 .bss.NofOverFlow
                0x00000000        0x4 SERVICES/Timers_Services.o
 .bss.flag      0x00000000        0x2 SERVICES/Timers_Services.o
 .bss.t3        0x00000000        0x2 SERVICES/Timers_Services.o
 .bss.t2        0x00000000        0x2 SERVICES/Timers_Services.o
 .bss.t1        0x00000000        0x2 SERVICES/Timers_Services.o
 .comment       0x00000000       0x31 SERVICES/Timers_Services.o
 .text          0x00000000        0x0 SERVICES/UART_Services.o
 .data          0x00000000        0x0 SERVICES/UART_Services.o
 .bss           0x00000000        0x0 SERVICES/UART_Services.o
 .text.UART_SendString
                0x00000000       0x26 SERVICES/UART_Services.o
 .text.UART_ReceiveString
                0x00000000       0x42 SERVICES/UART_Services.o
 .text.UART_SendNumber_u32
                0x00000000       0x3a SERVICES/UART_Services.o
 .text.UART_ReceiveNumber
                0x00000000       0x32 SERVICES/UART_Services.o
 .text.UART_SendStringCheckSum
                0x00000000       0x6a SERVICES/UART_Services.o
 .text.UART_ReceiveStringCheckSum
                0x00000000       0x6c SERVICES/UART_Services.o
 .comment       0x00000000       0x31 SERVICES/UART_Services.o
 .text          0x00000000        0x0 c:/program files (x86)/atmel/studio/7.0/toolchain/avr8/avr8-gnu-toolchain/bin/../lib/gcc/avr/5.4.0/avr5\libgcc.a(_udivmodhi4.o)
 .data          0x00000000        0x0 c:/program files (x86)/atmel/studio/7.0/toolchain/avr8/avr8-gnu-toolchain/bin/../lib/gcc/avr/5.4.0/avr5\libgcc.a(_udivmodhi4.o)
 .bss           0x00000000        0x0 c:/program files (x86)/atmel/studio/7.0/toolchain/avr8/avr8-gnu-toolchain/bin/../lib/gcc/avr/5.4.0/avr5\libgcc.a(_udivmodhi4.o)
 .text.libgcc.mul
                0x00000000        0x0 c:/program files (x86)/atmel/studio/7.0/toolchain/avr8/avr8-gnu-toolchain/bin/../lib/gcc/avr/5.4.0/avr5\libgcc.a(_udivmodhi4.o)
 .text.libgcc.div
                0x00000000       0x28 c:/program files (x86)/atmel/studio/7.0/toolchain/avr8/avr8-gnu-toolchain/bin/../lib/gcc/avr/5.4.0/avr5\libgcc.a(_udivmodhi4.o)
 .text.libgcc   0x00000000        0x0 c:/program files (x86)/atmel/studio/7.0/toolchain/avr8/avr8-gnu-toolchain/bin/../lib/gcc/avr/5.4.0/avr5\libgcc.a(_udivmodhi4.o)
 .text.libgcc.prologue
                0x00000000        0x0 c:/program files (x86)/atmel/studio/7.0/toolchain/avr8/avr8-gnu-toolchain/bin/../lib/gcc/avr/5.4.0/avr5\libgcc.a(_udivmodhi4.o)
 .text.libgcc.builtins
                0x00000000        0x0 c:/program files (x86)/atmel/studio/7.0/toolchain/avr8/avr8-gnu-toolchain/bin/../lib/gcc/avr/5.4.0/avr5\libgcc.a(_udivmodhi4.o)
 .text.libgcc.fmul
                0x00000000        0x0 c:/program files (x86)/atmel/studio/7.0/toolchain/avr8/avr8-gnu-toolchain/bin/../lib/gcc/avr/5.4.0/avr5\libgcc.a(_udivmodhi4.o)
 .text.libgcc.fixed
                0x00000000        0x0 c:/program files (x86)/atmel/studio/7.0/toolchain/avr8/avr8-gnu-toolchain/bin/../lib/gcc/avr/5.4.0/avr5\libgcc.a(_udivmodhi4.o)
 .text          0x00000000        0x0 c:/program files (x86)/atmel/studio/7.0/toolchain/avr8/avr8-gnu-toolchain/bin/../lib/gcc/avr/5.4.0/avr5\libgcc.a(_udivmodsi4.o)
 .data          0x00000000        0x0 c:/program files (x86)/atmel/studio/7.0/toolchain/avr8/avr8-gnu-toolchain/bin/../lib/gcc/avr/5.4.0/avr5\libgcc.a(_udivmodsi4.o)
 .bss           0x00000000        0x0 c:/program files (x86)/atmel/studio/7.0/toolchain/avr8/avr8-gnu-toolchain/bin/../lib/gcc/avr/5.4.0/avr5\libgcc.a(_udivmodsi4.o)
 .text.libgcc.mul
                0x00000000        0x0 c:/program files (x86)/atmel/studio/7.0/toolchain/avr8/avr8-gnu-toolchain/bin/../lib/gcc/avr/5.4.0/avr5\libgcc.a(_udivmodsi4.o)
 .text.libgcc.div
                0x00000000       0x44 c:/program files (x86)/atmel/studio/7.0/toolchain/avr8/avr8-gnu-toolchain/bin/../lib/gcc/avr/5.4.0/avr5\libgcc.a(_udivmodsi4.o)
 .text.libgcc   0x00000000        0x0 c:/program files (x86)/atmel/studio/7.0/toolchain/avr8/avr8-gnu-toolchain/bin/../lib/gcc/avr/5.4.0/avr5\libgcc.a(_udivmodsi4.o)
 .text.libgcc.prologue
                0x00000000        0x0 c:/program files (x86)/atmel/studio/7.0/toolchain/avr8/avr8-gnu-toolchain/bin/../lib/gcc/avr/5.4.0/avr5\libgcc.a(_udivmodsi4.o)
 .text.libgcc.builtins
                0x00000000        0x0 c:/program files (x86)/atmel/studio/7.0/toolchain/avr8/avr8-gnu-toolchain/bin/../lib/gcc/avr/5.4.0/avr5\libgcc.a(_udivmodsi4.o)
 .text.libgcc.fmul
                0x00000000        0x0 c:/program files (x86)/atmel/studio/7.0/toolchain/avr8/avr8-gnu-toolchain/bin/../lib/gcc/avr/5.4.0/avr5\libgcc.a(_udivmodsi4.o)
 .text.libgcc.fixed
                0x00000000        0x0 c:/program files (x86)/atmel/studio/7.0/toolchain/avr8/avr8-gnu-toolchain/bin/../lib/gcc/avr/5.4.0/avr5\libgcc.a(_udivmodsi4.o)
 .text          0x00000000        0x0 c:/program files (x86)/atmel/studio/7.0/toolchain/avr8/avr8-gnu-toolchain/bin/../lib/gcc/avr/5.4.0/avr5\libgcc.a(_divmodsi4.o)
 .data          0x00000000        0x0 c:/program files (x86)/atmel/studio/7.0/toolchain/avr8/avr8-gnu-toolchain/bin/../lib/gcc/avr/5.4.0/avr5\libgcc.a(_divmodsi4.o)
 .bss           0x00000000        0x0 c:/program files (x86)/atmel/studio/7.0/toolchain/avr8/avr8-gnu-toolchain/bin/../lib/gcc/avr/5.4.0/avr5\libgcc.a(_divmodsi4.o)
 .text.libgcc.mul
                0x00000000        0x0 c:/program files (x86)/atmel/studio/7.0/toolchain/avr8/avr8-gnu-toolchain/bin/../lib/gcc/avr/5.4.0/avr5\libgcc.a(_divmodsi4.o)
 .text.libgcc.div
                0x00000000       0x2e c:/program files (x86)/atmel/studio/7.0/toolchain/avr8/avr8-gnu-toolchain/bin/../lib/gcc/avr/5.4.0/avr5\libgcc.a(_divmodsi4.o)
 .text.libgcc   0x00000000        0x0 c:/program files (x86)/atmel/studio/7.0/toolchain/avr8/avr8-gnu-toolchain/bin/../lib/gcc/avr/5.4.0/avr5\libgcc.a(_divmodsi4.o)
 .text.libgcc.prologue
                0x00000000        0x0 c:/program files (x86)/atmel/studio/7.0/toolchain/avr8/avr8-gnu-toolchain/bin/../lib/gcc/avr/5.4.0/avr5\libgcc.a(_divmodsi4.o)
 .text.libgcc.builtins
                0x00000000        0x0 c:/program files (x86)/atmel/studio/7.0/toolchain/avr8/avr8-gnu-toolchain/bin/../lib/gcc/avr/5.4.0/avr5\libgcc.a(_divmodsi4.o)
 .text.libgcc.fmul
                0x00000000        0x0 c:/program files (x86)/atmel/studio/7.0/toolchain/avr8/avr8-gnu-toolchain/bin/../lib/gcc/avr/5.4.0/avr5\libgcc.a(_divmodsi4.o)
 .text.libgcc.fixed
                0x00000000        0x0 c:/program files (x86)/atmel/studio/7.0/toolchain/avr8/avr8-gnu-toolchain/bin/../lib/gcc/avr/5.4.0/avr5\libgcc.a(_divmodsi4.o)
 .text          0x00000000        0x0 c:/program files (x86)/atmel/studio/7.0/toolchain/avr8/avr8-gnu-toolchain/bin/../lib/gcc/avr/5.4.0/avr5\libgcc.a(_negsi2.o)
 .data          0x00000000        0x0 c:/program files (x86)/atmel/studio/7.0/toolchain/avr8/avr8-gnu-toolchain/bin/../lib/gcc/avr/5.4.0/avr5\libgcc.a(_negsi2.o)
 .bss           0x00000000        0x0 c:/program files (x86)/atmel/studio/7.0/toolchain/avr8/avr8-gnu-toolchain/bin/../lib/gcc/avr/5.4.0/avr5\libgcc.a(_negsi2.o)
 .text.libgcc.mul
                0x00000000        0x0 c:/program files (x86)/atmel/studio/7.0/toolchain/avr8/avr8-gnu-toolchain/bin/../lib/gcc/avr/5.4.0/avr5\libgcc.a(_negsi2.o)
 .text.libgcc.div
                0x00000000       0x10 c:/program files (x86)/atmel/studio/7.0/toolchain/avr8/avr8-gnu-toolchain/bin/../lib/gcc/avr/5.4.0/avr5\libgcc.a(_negsi2.o)
 .text.libgcc   0x00000000        0x0 c:/program files (x86)/atmel/studio/7.0/toolchain/avr8/avr8-gnu-toolchain/bin/../lib/gcc/avr/5.4.0/avr5\libgcc.a(_negsi2.o)
 .text.libgcc.prologue
                0x00000000        0x0 c:/program files (x86)/atmel/studio/7.0/toolchain/avr8/avr8-gnu-toolchain/bin/../lib/gcc/avr/5.4.0/avr5\libgcc.a(_negsi2.o)
 .text.libgcc.builtins
                0x00000000        0x0 c:/program files (x86)/atmel/studio/7.0/toolchain/avr8/avr8-gnu-toolchain/bin/../lib/gcc/avr/5.4.0/avr5\libgcc.a(_negsi2.o)
 .text.libgcc.fmul
                0x00000000        0x0 c:/program files (x86)/atmel/studio/7.0/toolchain/avr8/avr8-gnu-toolchain/bin/../lib/gcc/avr/5.4.0/avr5\libgcc.a(_negsi2.o)
 .text.libgcc.fixed
                0x00000000        0x0 c:/program files (x86)/atmel/studio/7.0/toolchain/avr8/avr8-gnu-toolchain/bin/../lib/gcc/avr/5.4.0/avr5\libgcc.a(_negsi2.o)
 .text          0x00000000        0x0 c:/program files (x86)/atmel/studio/7.0/toolchain/avr8/avr8-gnu-toolchain/bin/../lib/gcc/avr/5.4.0/avr5\libgcc.a(_exit.o)
 .data          0x00000000        0x0 c:/program files (x86)/atmel/studio/7.0/toolchain/avr8/avr8-gnu-toolchain/bin/../lib/gcc/avr/5.4.0/avr5\libgcc.a(_exit.o)
 .bss           0x00000000        0x0 c:/program files (x86)/atmel/studio/7.0/toolchain/avr8/avr8-gnu-toolchain/bin/../lib/gcc/avr/5.4.0/avr5\libgcc.a(_exit.o)
 .text.libgcc.mul
                0x00000000        0x0 c:/program files (x86)/atmel/studio/7.0/toolchain/avr8/avr8-gnu-toolchain/bin/../lib/gcc/avr/5.4.0/avr5\libgcc.a(_exit.o)
 .text.libgcc.div
                0x00000000        0x0 c:/program files (x86)/atmel/studio/7.0/toolchain/avr8/avr8-gnu-toolchain/bin/../lib/gcc/avr/5.4.0/avr5\libgcc.a(_exit.o)
 .text.libgcc   0x00000000        0x0 c:/program files (x86)/atmel/studio/7.0/toolchain/avr8/avr8-gnu-toolchain/bin/../lib/gcc/avr/5.4.0/avr5\libgcc.a(_exit.o)
 .text.libgcc.prologue
                0x00000000        0x0 c:/program files (x86)/atmel/studio/7.0/toolchain/avr8/avr8-gnu-toolchain/bin/../lib/gcc/avr/5.4.0/avr5\libgcc.a(_exit.o)
 .text.libgcc.builtins
                0x00000000        0x0 c:/program files (x86)/atmel/studio/7.0/toolchain/avr8/avr8-gnu-toolchain/bin/../lib/gcc/avr/5.4.0/avr5\libgcc.a(_exit.o)
 .text.libgcc.fmul
                0x00000000        0x0 c:/program files (x86)/atmel/studio/7.0/toolchain/avr8/avr8-gnu-toolchain/bin/../lib/gcc/avr/5.4.0/avr5\libgcc.a(_exit.o)
 .text.libgcc.fixed
                0x00000000        0x0 c:/program files (x86)/atmel/studio/7.0/toolchain/avr8/avr8-gnu-toolchain/bin/../lib/gcc/avr/5.4.0/avr5\libgcc.a(_exit.o)
 .text          0x00000000        0x0 c:/program files (x86)/atmel/studio/7.0/toolchain/avr8/avr8-gnu-toolchain/bin/../lib/gcc/avr/5.4.0/avr5\libgcc.a(_copy_data.o)
 .data          0x00000000        0x0 c:/program files (x86)/atmel/studio/7.0/toolchain/avr8/avr8-gnu-toolchain/bin/../lib/gcc/avr/5.4.0/avr5\libgcc.a(_copy_data.o)
 .bss           0x00000000        0x0 c:/program files (x86)/atmel/studio/7.0/toolchain/avr8/avr8-gnu-toolchain/bin/../lib/gcc/avr/5.4.0/avr5\libgcc.a(_copy_data.o)
 .text.libgcc.mul
                0x00000000        0x0 c:/program files (x86)/atmel/studio/7.0/toolchain/avr8/avr8-gnu-toolchain/bin/../lib/gcc/avr/5.4.0/avr5\libgcc.a(_copy_data.o)
 .text.libgcc.div
                0x00000000        0x0 c:/program files (x86)/atmel/studio/7.0/toolchain/avr8/avr8-gnu-toolchain/bin/../lib/gcc/avr/5.4.0/avr5\libgcc.a(_copy_data.o)
 .text.libgcc   0x00000000        0x0 c:/program files (x86)/atmel/studio/7.0/toolchain/avr8/avr8-gnu-toolchain/bin/../lib/gcc/avr/5.4.0/avr5\libgcc.a(_copy_data.o)
 .text.libgcc.prologue
                0x00000000        0x0 c:/program files (x86)/atmel/studio/7.0/toolchain/avr8/avr8-gnu-toolchain/bin/../lib/gcc/avr/5.4.0/avr5\libgcc.a(_copy_data.o)
 .text.libgcc.builtins
                0x00000000        0x0 c:/program files (x86)/atmel/studio/7.0/toolchain/avr8/avr8-gnu-toolchain/bin/../lib/gcc/avr/5.4.0/avr5\libgcc.a(_copy_data.o)
 .text.libgcc.fmul
                0x00000000        0x0 c:/program files (x86)/atmel/studio/7.0/toolchain/avr8/avr8-gnu-toolchain/bin/../lib/gcc/avr/5.4.0/avr5\libgcc.a(_copy_data.o)
 .text.libgcc.fixed
                0x00000000        0x0 c:/program files (x86)/atmel/studio/7.0/toolchain/avr8/avr8-gnu-toolchain/bin/../lib/gcc/avr/5.4.0/avr5\libgcc.a(_copy_data.o)
 .text          0x00000000        0x0 c:/program files (x86)/atmel/studio/7.0/toolchain/avr8/avr8-gnu-toolchain/bin/../lib/gcc/avr/5.4.0/avr5\libgcc.a(_clear_bss.o)
 .data          0x00000000        0x0 c:/program files (x86)/atmel/studio/7.0/toolchain/avr8/avr8-gnu-toolchain/bin/../lib/gcc/avr/5.4.0/avr5\libgcc.a(_clear_bss.o)
 .bss           0x00000000        0x0 c:/program files (x86)/atmel/studio/7.0/toolchain/avr8/avr8-gnu-toolchain/bin/../lib/gcc/avr/5.4.0/avr5\libgcc.a(_clear_bss.o)
 .text.libgcc.mul
                0x00000000        0x0 c:/program files (x86)/atmel/studio/7.0/toolchain/avr8/avr8-gnu-toolchain/bin/../lib/gcc/avr/5.4.0/avr5\libgcc.a(_clear_bss.o)
 .text.libgcc.div
                0x00000000        0x0 c:/program files (x86)/atmel/studio/7.0/toolchain/avr8/avr8-gnu-toolchain/bin/../lib/gcc/avr/5.4.0/avr5\libgcc.a(_clear_bss.o)
 .text.libgcc   0x00000000        0x0 c:/program files (x86)/atmel/studio/7.0/toolchain/avr8/avr8-gnu-toolchain/bin/../lib/gcc/avr/5.4.0/avr5\libgcc.a(_clear_bss.o)
 .text.libgcc.prologue
                0x00000000        0x0 c:/program files (x86)/atmel/studio/7.0/toolchain/avr8/avr8-gnu-toolchain/bin/../lib/gcc/avr/5.4.0/avr5\libgcc.a(_clear_bss.o)
 .text.libgcc.builtins
                0x00000000        0x0 c:/program files (x86)/atmel/studio/7.0/toolchain/avr8/avr8-gnu-toolchain/bin/../lib/gcc/avr/5.4.0/avr5\libgcc.a(_clear_bss.o)
 .text.libgcc.fmul
                0x00000000        0x0 c:/program files (x86)/atmel/studio/7.0/toolchain/avr8/avr8-gnu-toolchain/bin/../lib/gcc/avr/5.4.0/avr5\libgcc.a(_clear_bss.o)
 .text.libgcc.fixed
                0x00000000        0x0 c:/program files (x86)/atmel/studio/7.0/toolchain/avr8/avr8-gnu-toolchain/bin/../lib/gcc/avr/5.4.0/avr5\libgcc.a(_clear_bss.o)
 .text          0x00000000        0x0 c:/program files (x86)/atmel/studio/7.0/toolchain/avr8/avr8-gnu-toolchain/bin/../lib/gcc/avr/5.4.0/avr5\libgcc.a(_umulhisi3.o)
 .data          0x00000000        0x0 c:/program files (x86)/atmel/studio/7.0/toolchain/avr8/avr8-gnu-toolchain/bin/../lib/gcc/avr/5.4.0/avr5\libgcc.a(_umulhisi3.o)
 .bss           0x00000000        0x0 c:/program files (x86)/atmel/studio/7.0/toolchain/avr8/avr8-gnu-toolchain/bin/../lib/gcc/avr/5.4.0/avr5\libgcc.a(_umulhisi3.o)
 .text.libgcc.mul
                0x00000000       0x1e c:/program files (x86)/atmel/studio/7.0/toolchain/avr8/avr8-gnu-toolchain/bin/../lib/gcc/avr/5.4.0/avr5\libgcc.a(_umulhisi3.o)
 .text.libgcc.div
                0x00000000        0x0 c:/program files (x86)/atmel/studio/7.0/toolchain/avr8/avr8-gnu-toolchain/bin/../lib/gcc/avr/5.4.0/avr5\libgcc.a(_umulhisi3.o)
 .text.libgcc   0x00000000        0x0 c:/program files (x86)/atmel/studio/7.0/toolchain/avr8/avr8-gnu-toolchain/bin/../lib/gcc/avr/5.4.0/avr5\libgcc.a(_umulhisi3.o)
 .text.libgcc.prologue
                0x00000000        0x0 c:/program files (x86)/atmel/studio/7.0/toolchain/avr8/avr8-gnu-toolchain/bin/../lib/gcc/avr/5.4.0/avr5\libgcc.a(_umulhisi3.o)
 .text.libgcc.builtins
                0x00000000        0x0 c:/program files (x86)/atmel/studio/7.0/toolchain/avr8/avr8-gnu-toolchain/bin/../lib/gcc/avr/5.4.0/avr5\libgcc.a(_umulhisi3.o)
 .text.libgcc.fmul
                0x00000000        0x0 c:/program files (x86)/atmel/studio/7.0/toolchain/avr8/avr8-gnu-toolchain/bin/../lib/gcc/avr/5.4.0/avr5\libgcc.a(_umulhisi3.o)
 .text.libgcc.fixed
                0x00000000        0x0 c:/program files (x86)/atmel/studio/7.0/toolchain/avr8/avr8-gnu-toolchain/bin/../lib/gcc/avr/5.4.0/avr5\libgcc.a(_umulhisi3.o)
 .text          0x00000000        0x0 c:/program files (x86)/atmel/studio/7.0/toolchain/avr8/avr8-gnu-toolchain/bin/../lib/gcc/avr/5.4.0/avr5\libgcc.a(_muluhisi3.o)
 .data          0x00000000        0x0 c:/program files (x86)/atmel/studio/7.0/toolchain/avr8/avr8-gnu-toolchain/bin/../lib/gcc/avr/5.4.0/avr5\libgcc.a(_muluhisi3.o)
 .bss           0x00000000        0x0 c:/program files (x86)/atmel/studio/7.0/toolchain/avr8/avr8-gnu-toolchain/bin/../lib/gcc/avr/5.4.0/avr5\libgcc.a(_muluhisi3.o)
 .text.libgcc.mul
                0x00000000       0x16 c:/program files (x86)/atmel/studio/7.0/toolchain/avr8/avr8-gnu-toolchain/bin/../lib/gcc/avr/5.4.0/avr5\libgcc.a(_muluhisi3.o)
 .text.libgcc.div
                0x00000000        0x0 c:/program files (x86)/atmel/studio/7.0/toolchain/avr8/avr8-gnu-toolchain/bin/../lib/gcc/avr/5.4.0/avr5\libgcc.a(_muluhisi3.o)
 .text.libgcc   0x00000000        0x0 c:/program files (x86)/atmel/studio/7.0/toolchain/avr8/avr8-gnu-toolchain/bin/../lib/gcc/avr/5.4.0/avr5\libgcc.a(_muluhisi3.o)
 .text.libgcc.prologue
                0x00000000        0x0 c:/program files (x86)/atmel/studio/7.0/toolchain/avr8/avr8-gnu-toolchain/bin/../lib/gcc/avr/5.4.0/avr5\libgcc.a(_muluhisi3.o)
 .text.libgcc.builtins
                0x00000000        0x0 c:/program files (x86)/atmel/studio/7.0/toolchain/avr8/avr8-gnu-toolchain/bin/../lib/gcc/avr/5.4.0/avr5\libgcc.a(_muluhisi3.o)
 .text.libgcc.fmul
                0x00000000        0x0 c:/program files (x86)/atmel/studio/7.0/toolchain/avr8/avr8-gnu-toolchain/bin/../lib/gcc/avr/5.4.0/avr5\libgcc.a(_muluhisi3.o)
 .text.libgcc.fixed
                0x00000000        0x0 c:/program files (x86)/atmel/studio/7.0/toolchain/avr8/avr8-gnu-toolchain/bin/../lib/gcc/avr/5.4.0/avr5\libgcc.a(_muluhisi3.o)

Memory Configuration

Name             Origin             Length             Attributes
text             0x00000000         0x00008000         xr
data             0x00800060         0x00000800         rw !x
eeprom           0x00810000         0x00000400         rw !x
fuse             0x00820000         0x00000002         rw !x
lock             0x00830000         0x00000400         rw !x
signature        0x00840000         0x00000400         rw !x
user_signatures  0x00850000         0x00000400         rw !x
*default*        0x00000000         0xffffffff

Linker script and memory map

LOAD C:/Program Files (x86)/Atmel/Studio/7.0/Packs/atmel/ATmega_DFP/1.7.374/gcc/dev/atmega32/avr5/crtatmega32.o
LOAD APP/Calculator.o
LOAD APP/CAR_Lights.o
LOAD APP/Converter.o
LOAD APP/FIRE_System.o
LOAD APP/TEMP_Filter.o
LOAD CFG/DIO_Cfg.o
LOAD CFG/EX_Interrupt_Cfg.o
LOAD HAL/KeyPad.o
LOAD HAL/LCD.o
LOAD HAL/MOTOR.o
LOAD HAL/RGB.o
LOAD HAL/Sensors.o
LOAD KERNEL/Kernel_Program.o
LOAD main.o
LOAD MCAL/ADC.o
LOAD MCAL/DIO.o
LOAD MCAL/EX_Interrupt.o
LOAD MCAL/SPI.o
LOAD MCAL/TIMERS.o
LOAD MCAL/UART.o
LOAD SERVICES/Timers_Services.o
LOAD SERVICES/UART_Services.o
START GROUP
LOAD c:/program files (x86)/atmel/studio/7.0/toolchain/avr8/avr8-gnu-toolchain/bin/../lib/gcc/avr/5.4.0/../../../../avr/lib/avr5\libm.a
END GROUP
START GROUP
LOAD c:/program files (x86)/atmel/studio/7.0/toolchain/avr8/avr8-gnu-toolchain/bin/../lib/gcc/avr/5.4.0/avr5\libgcc.a
LOAD c:/program files (x86)/atmel/studio/7.0/toolchain/avr8/avr8-gnu-toolchain/bin/../lib/gcc/avr/5.4.0/../../../../avr/lib/avr5\libm.a
LOAD c:/program files (x86)/atmel/studio/7.0/toolchain/avr8/avr8-gnu-toolchain/bin/../lib/gcc/avr/5.4.0/../../../../avr/lib/avr5\libc.a
LOAD C:/Program Files (x86)/Atmel/Studio/7.0/Packs/atmel/ATmega_DFP/1.7.374/gcc/dev/atmega32/avr5\libatmega32.a
END GROUP
                0x00000000                __TEXT_REGION_ORIGIN__ = DEFINED (__TEXT_REGION_ORIGIN__)?__TEXT_REGION_ORIGIN__:0x0
                [0x00800060]                __DATA_REGION_ORIGIN__ = DEFINED (__DATA_REGION_ORIGIN__)?__DATA_REGION_ORIGIN__:0x800060
                [0x00008000]                __TEXT_REGION_LENGTH__ = DEFINED (__TEXT_REGION_LENGTH__)?__TEXT_REGION_LENGTH__:0x20000
                [0x00000800]                __DATA_REGION_LENGTH__ = DEFINED (__DATA_REGION_LENGTH__)?__DATA_REGION_LENGTH__:0xffa0
                [0x00000400]                __EEPROM_REGION_LENGTH__ = DEFINED (__EEPROM_REGION_LENGTH__)?__EEPROM_REGION_LENGTH__:0x10000
                [0x00000002]                __FUSE_REGION_LENGTH__ = DEFINED (__FUSE_REGION_LENGTH__)?__FUSE_REGION_LENGTH__:0x400
                0x00000400                __LOCK_REGION_LENGTH__ = DEFINED (__LOCK_REGION_LENGTH__)?__LOCK_REGION_LENGTH__:0x400
                0x00000400                __SIGNATURE_REGION_LENGTH__ = DEFINED (__SIGNATURE_REGION_LENGTH__)?__SIGNATURE_REGION_LENGTH__:0x400
                0x00000400                __USER_SIGNATURE_REGION_LENGTH__ = DEFINED (__USER_SIGNATURE_REGION_LENGTH__)?__USER_SIGNATURE_REGION_LENGTH__:0x400

.hash
 *(.hash)

.dynsym
 *(.dynsym)

.dynstr
 *(.dynstr)

.gnu.version
 *(.gnu.version)

.gnu.version_d
 *(.gnu.version_d)

.gnu.version_r
 *(.gnu.version_r)

.rel.init
 *(.rel.init)

.rela.init
 *(.rela.init)

.rel.text
 *(.rel.text)
 *(.rel.text.*)
 *(.rel.gnu.linkonce.t*)

.rela.text
 *(.rela.text)
 *(.rela.text.*)
 *(.rela.gnu.linkonce.t*)

.rel.fini
 *(.rel.fini)

.rela.fini
 *(.rela.fini)

.rel.rodata
 *(.rel.rodata)
 *(.rel.rodata.*)
 *(.rel.gnu.linkonce.r*)

.rela.rodata
 *(.rela.rodata)
 *(.rela.rodata.*)
 *(.rela.gnu.linkonce.r*)

.rel.data
 *(.rel.data)
 *(.rel.data.*)
 *(.rel.gnu.linkonce.d*)

.rela.data
 *(.rela.data)
 *(.rela.data.*)
 *(.rela.gnu.linkonce.d*)

.rel.ctors
 *(.rel.ctors)

.rela.ctors
 *(.rela.ctors)

.rel.dtors
 *(.rel.dtors)

.rela.dtors
 *(.rela.dtors)

.rel.got
 *(.rel.got)

.rela.got
 *(.rela.got)

.rel.bss
 *(.rel.bss)

.rela.bss
 *(.rela.bss)

.rel.plt
 *(.rel.plt)

.rela.plt
 *(.rela.plt)

.text           0x00000000      0x806
 *(.vectors)
 .vectors       0x00000000       0x54 C:/Program Files (x86)/Atmel/Studio/7.0/Packs/atmel/ATmega_DFP/1.7.374/gcc/dev/atmega32/avr5/crtatmega32.o
                0x00000000                __vector_default
                0x00000000                __vectors
 *(.vectors)
 *(.progmem.gcc*)
                0x00000054                . = ALIGN (0x2)
                0x00000054                __trampolines_start = .
 *(.trampolines)
 .trampolines   0x00000054        0x0 linker stubs
 *(.trampolines*)
                0x00000054                __trampolines_end = .
 *libprintf_flt.a:*(.progmem.data)
 *libc.a:*(.progmem.data)
 *(.progmem*)
                0x00000054                . = ALIGN (0x2)
 *(.jumptables)
 *(.jumptables*)
 *(.lowtext)
 *(.lowtext*)
                0x00000054                __ctors_start = .
 *(.ctors)
                0x00000054                __ctors_end = .
                0x00000054                __dtors_start = .
 *(.dtors)
                0x00000054                __dtors_end = .
 SORT(*)(.ctors)
 SORT(*)(.dtors)
 *(.init0)
 .init0         0x00000054        0x0 C:/Program Files (x86)/Atmel/Studio/7.0/Packs/atmel/ATmega_DFP/1.7.374/gcc/dev/atmega32/avr5/crtatmega32.o
                0x00000054                __init
 *(.init0)
 *(.init1)
 *(.init1)
 *(.init2)
 .init2         0x00000054        0xc C:/Program Files (x86)/Atmel/Studio/7.0/Packs/atmel/ATmega_DFP/1.7.374/gcc/dev/atmega32/avr5/crtatmega32.o
 *(.init2)
 *(.init3)
 *(.init3)
 *(.init4)
 .init4         0x00000060       0x16 c:/program files (x86)/atmel/studio/7.0/toolchain/avr8/avr8-gnu-toolchain/bin/../lib/gcc/avr/5.4.0/avr5\libgcc.a(_copy_data.o)
                0x00000060                __do_copy_data
 .init4         0x00000076       0x10 c:/program files (x86)/atmel/studio/7.0/toolchain/avr8/avr8-gnu-toolchain/bin/../lib/gcc/avr/5.4.0/avr5\libgcc.a(_clear_bss.o)
                0x00000076                __do_clear_bss
 *(.init4)
 *(.init5)
 *(.init5)
 *(.init6)
 *(.init6)
 *(.init7)
 *(.init7)
 *(.init8)
 *(.init8)
 *(.init9)
 .init9         0x00000086        0x8 C:/Program Files (x86)/Atmel/Studio/7.0/Packs/atmel/ATmega_DFP/1.7.374/gcc/dev/atmega32/avr5/crtatmega32.o
 *(.init9)
 *(.text)
 .text          0x0000008e        0x4 C:/Program Files (x86)/Atmel/Studio/7.0/Packs/atmel/ATmega_DFP/1.7.374/gcc/dev/atmega32/avr5/crtatmega32.o
                0x0000008e                __vector_12
                0x0000008e                __bad_interrupt
                0x0000008e                __vector_6
                0x0000008e                __vector_11
                0x0000008e                __vector_13
                0x0000008e                __vector_17
                0x0000008e                __vector_19
                0x0000008e                __vector_7
                0x0000008e                __vector_5
                0x0000008e                __vector_4
                0x0000008e                __vector_15
                0x0000008e                __vector_8
                0x0000008e                __vector_14
                0x0000008e                __vector_10
                0x0000008e                __vector_16
                0x0000008e                __vector_18
                0x0000008e                __vector_20
                0x00000092                . = ALIGN (0x2)
 *(.text.*)
 .text.LeftButtonGetTransition
                0x00000092        0x6 APP/CAR_Lights.o
                0x00000092                LeftButtonGetTransition
 .text.rightButtonGetTransition
                0x00000098        0x8 APP/CAR_Lights.o
                0x00000098                rightButtonGetTransition
 .text.waitButtonGetTransition
                0x000000a0        0x8 APP/CAR_Lights.o
                0x000000a0                waitButtonGetTransition
 .text.CAR_Init
                0x000000a8       0x42 APP/CAR_Lights.o
                0x000000a8                CAR_Init
 .text.Idle     0x000000ea       0x20 APP/CAR_Lights.o
                0x000000ea                Idle
 .text.Left     0x0000010a       0x30 APP/CAR_Lights.o
                0x0000010a                Left
 .text.Right    0x0000013a       0x30 APP/CAR_Lights.o
                0x0000013a                Right
 .text.Wait     0x0000016a       0x2c APP/CAR_Lights.o
                0x0000016a                Wait
 .text.CAR_Running
                0x00000196       0xfe APP/CAR_Lights.o
                0x00000196                CAR_Running
 .text.startup.main
                0x00000294        0xa main.o
                0x00000294                main
 .text.DIO_Init
                0x0000029e      0x1bc MCAL/DIO.o
                0x0000029e                DIO_Init
 .text.DIO_WritePin
                0x0000045a       0xfe MCAL/DIO.o
                0x0000045a                DIO_WritePin
 .text.DIO_TogglePin
                0x00000558       0x6a MCAL/DIO.o
                0x00000558                DIO_TogglePin
 .text.EXI_Enable
                0x000005c2       0x20 MCAL/EX_Interrupt.o
                0x000005c2                EXI_Enable
 .text.EXI_TriggerEdge
                0x000005e2       0x8c MCAL/EX_Interrupt.o
                0x000005e2                EXI_TriggerEdge
 .text.EXI_Init
                0x0000066e       0x18 MCAL/EX_Interrupt.o
                0x0000066e                EXI_Init
 .text.EXI_SetCallBack
                0x00000686       0x2a MCAL/EX_Interrupt.o
                0x00000686                EXI_SetCallBack
 .text.__vector_1
                0x000006b0       0x54 MCAL/EX_Interrupt.o
                0x000006b0                __vector_1
 .text.__vector_2
                0x00000704       0x56 MCAL/EX_Interrupt.o
                0x00000704                __vector_2
 .text.__vector_3
                0x0000075a       0x54 MCAL/EX_Interrupt.o
                0x0000075a                __vector_3
 .text.__vector_9
                0x000007ae       0x54 MCAL/TIMERS.o
                0x000007ae                __vector_9
                0x00000802                . = ALIGN (0x2)
 *(.fini9)
 .fini9         0x00000802        0x0 c:/program files (x86)/atmel/studio/7.0/toolchain/avr8/avr8-gnu-toolchain/bin/../lib/gcc/avr/5.4.0/avr5\libgcc.a(_exit.o)
                0x00000802                _exit
                0x00000802                exit
 *(.fini9)
 *(.fini8)
 *(.fini8)
 *(.fini7)
 *(.fini7)
 *(.fini6)
 *(.fini6)
 *(.fini5)
 *(.fini5)
 *(.fini4)
 *(.fini4)
 *(.fini3)
 *(.fini3)
 *(.fini2)
 *(.fini2)
 *(.fini1)
 *(.fini1)
 *(.fini0)
 .fini0         0x00000802        0x4 c:/program files (x86)/atmel/studio/7.0/toolchain/avr8/avr8-gnu-toolchain/bin/../lib/gcc/avr/5.4.0/avr5\libgcc.a(_exit.o)
 *(.fini0)
                0x00000806                _etext = .

.data           0x00800060       0x28 load address 0x00000806
                0x00800060                PROVIDE (__data_start, .)
 *(.data)
 *(.data*)
 .data.INT2_Fptr
                0x00800060        0x2 MCAL/EX_Interrupt.o
 .data.INT1_Fptr
                0x00800062        0x2 MCAL/EX_Interrupt.o
 .data.INT0_Fptr
                0x00800064        0x2 MCAL/EX_Interrupt.o
 .data.Timer1_OVF_Fptr
                0x00800066        0x2 MCAL/TIMERS.o
 *(.gnu.linkonce.d*)
 *(.rodata)
 *(.rodata*)
 .rodata.DIO_PinsStatusArr
                0x00800068       0x20 CFG/DIO_Cfg.o
                0x00800068                DIO_PinsStatusArr
 *(.gnu.linkonce.r*)
                0x00800088                . = ALIGN (0x2)
                0x00800088                _edata = .
                0x00800088                PROVIDE (__data_end, .)

.bss            0x00800088        0x3
                0x00800088                PROVIDE (__bss_start, .)
 *(.bss)
 *(.bss*)
 *(COMMON)
 COMMON         0x00800088        0x3 APP/CAR_Lights.o
                0x00800088                PreviousState
                0x00800089                currentState
                0x0080008a                T
                0x0080008b                PROVIDE (__bss_end, .)
                0x00000806                __data_load_start = LOADADDR (.data)
                0x0000082e                __data_load_end = (__data_load_start + SIZEOF (.data))

.noinit         0x0080008b        0x0
                [!provide]                PROVIDE (__noinit_start, .)
 *(.noinit*)
                [!provide]                PROVIDE (__noinit_end, .)
                0x0080008b                _end = .
                [!provide]                PROVIDE (__heap_start, .)

.eeprom         0x00810000        0x0
 *(.eeprom*)
                0x00810000                __eeprom_end = .

.fuse
 *(.fuse)
 *(.lfuse)
 *(.hfuse)
 *(.efuse)

.lock
 *(.lock*)

.signature
 *(.signature*)

.user_signatures
 *(.user_signatures*)

.stab
 *(.stab)

.stabstr
 *(.stabstr)

.stab.excl
 *(.stab.excl)

.stab.exclstr
 *(.stab.exclstr)

.stab.index
 *(.stab.index)

.stab.indexstr
 *(.stab.indexstr)

.comment        0x00000000       0x30
 *(.comment)
 .comment       0x00000000       0x30 APP/CAR_Lights.o
                                 0x31 (size before relaxing)
 .comment       0x00000030       0x31 CFG/DIO_Cfg.o
 .comment       0x00000030       0x31 main.o
 .comment       0x00000030       0x31 MCAL/DIO.o
 .comment       0x00000030       0x31 MCAL/EX_Interrupt.o
 .comment       0x00000030       0x31 MCAL/TIMERS.o

.note.gnu.avr.deviceinfo
                0x00000000       0x3c
 .note.gnu.avr.deviceinfo
                0x00000000       0x3c C:/Program Files (x86)/Atmel/Studio/7.0/Packs/atmel/ATmega_DFP/1.7.374/gcc/dev/atmega32/avr5/crtatmega32.o

.note.gnu.build-id
 *(.note.gnu.build-id)

.debug
 *(.debug)

.line
 *(.line)

.debug_srcinfo
 *(.debug_srcinfo)

.debug_sfnames
 *(.debug_sfnames)

.debug_aranges
 *(.debug_aranges)

.debug_pubnames
 *(.debug_pubnames)

.debug_info     0x00000000      0x4e6
 *(.debug_info .gnu.linkonce.wi.*)
 .debug_info    0x00000000      0x4e6 C:/Program Files (x86)/Atmel/Studio/7.0/Packs/atmel/ATmega_DFP/1.7.374/gcc/dev/atmega32/avr5/crtatmega32.o

.debug_abbrev   0x00000000      0x4a3
 *(.debug_abbrev)
 .debug_abbrev  0x00000000      0x4a3 C:/Program Files (x86)/Atmel/Studio/7.0/Packs/atmel/ATmega_DFP/1.7.374/gcc/dev/atmega32/avr5/crtatmega32.o

.debug_line     0x00000000      0x116
 *(.debug_line .debug_line.* .debug_line_end)
 .debug_line    0x00000000      0x116 C:/Program Files (x86)/Atmel/Studio/7.0/Packs/atmel/ATmega_DFP/1.7.374/gcc/dev/atmega32/avr5/crtatmega32.o

.debug_frame
 *(.debug_frame)

.debug_str      0x00000000      0x196
 *(.debug_str)
 .debug_str     0x00000000      0x196 C:/Program Files (x86)/Atmel/Studio/7.0/Packs/atmel/ATmega_DFP/1.7.374/gcc/dev/atmega32/avr5/crtatmega32.o

.debug_loc
 *(.debug_loc)

.debug_macinfo
 *(.debug_macinfo)

.debug_weaknames
 *(.debug_weaknames)

.debug_funcnames
 *(.debug_funcnames)

.debug_typenames
 *(.debug_typenames)

.debug_varnames
 *(.debug_varnames)

.debug_pubtypes
 *(.debug_pubtypes)

.debug_ranges
 *(.debug_ranges)

.debug_macro
 *(.debug_macro)
OUTPUT(online13.elf elf32-avr)
LOAD linker stubs
